// Jest Snapshot v1, https://goo.gl/fbAQLP

exports[`<FavoritesTab /> Snapshot 1`] = `
<RCTScrollView
  data={
    [
      {
        "author": "toomuchtodo",
        "created_at": "2024-08-08T19:37:08Z",
        "created_at_i": 1723145828,
        "isDeleted": false,
        "objectID": "41195352",
        "story_title": "China's Real Economic Crisis",
        "story_url": "https://www.foreignaffairs.com/china/chinas-real-economic-crisis",
      },
    ]
  }
  getItem={[Function]}
  getItemCount={[Function]}
  keyExtractor={[Function]}
  onContentSizeChange={[Function]}
  onLayout={[Function]}
  onMomentumScrollBegin={[Function]}
  onMomentumScrollEnd={[Function]}
  onScroll={[Function]}
  onScrollBeginDrag={[Function]}
  onScrollEndDrag={[Function]}
  removeClippedSubviews={false}
  renderItem={[Function]}
  scrollEventThrottle={0.0001}
  showsVerticalScrollIndicator={false}
  stickyHeaderIndices={[]}
  viewabilityConfigCallbackPairs={[]}
>
  <View>
    <View
      onFocusCapture={[Function]}
      onLayout={[Function]}
      style={null}
    >
      <View
        accessibilityState={
          {
            "busy": undefined,
            "checked": undefined,
            "disabled": undefined,
            "expanded": undefined,
            "selected": undefined,
          }
        }
        accessibilityValue={
          {
            "max": undefined,
            "min": undefined,
            "now": undefined,
            "text": undefined,
          }
        }
        accessible={true}
        collapsable={false}
        focusable={true}
        onClick={[Function]}
        onResponderGrant={[Function]}
        onResponderMove={[Function]}
        onResponderRelease={[Function]}
        onResponderTerminate={[Function]}
        onResponderTerminationRequest={[Function]}
        onStartShouldSetResponder={[Function]}
        style={
          {
            "backgroundColor": "#fff",
            "borderBottomColor": "#f5f5f5",
            "borderBottomWidth": 1,
            "borderLeftColor": "#f5f5f5",
            "borderRightColor": "#f5f5f5",
            "borderTopColor": "#f5f5f5",
            "flexDirection": "row",
            "opacity": 1,
            "paddingBottom": 24,
            "paddingLeft": 24,
            "paddingRight": 24,
            "paddingTop": 24,
          }
        }
        testID="story-41195352"
      >
        <View
          style={
            [
              {
                "flexBasis": "0%",
                "flexGrow": 1,
                "flexShrink": 1,
              },
            ]
          }
        >
          <Text
            style={
              [
                {
                  "fontWeight": "500",
                },
                {
                  "fontSize": 16,
                  "lineHeight": 24,
                },
                {
                  "color": "#FF6600",
                },
              ]
            }
          >
            China's Real Economic Crisis
          </Text>
          <Text
            style={
              [
                {
                  "fontSize": 14,
                  "lineHeight": 20,
                },
                {
                  "color": "#a3a3a3",
                },
              ]
            }
          >
            toomuchtodo - 1 day
          </Text>
        </View>
        <View
          accessibilityState={
            {
              "busy": undefined,
              "checked": undefined,
              "disabled": undefined,
              "expanded": undefined,
              "selected": undefined,
            }
          }
          accessibilityValue={
            {
              "max": undefined,
              "min": undefined,
              "now": undefined,
              "text": undefined,
            }
          }
          accessible={true}
          collapsable={false}
          focusable={true}
          onClick={[Function]}
          onResponderGrant={[Function]}
          onResponderMove={[Function]}
          onResponderRelease={[Function]}
          onResponderTerminate={[Function]}
          onResponderTerminationRequest={[Function]}
          onStartShouldSetResponder={[Function]}
          style={
            {
              "marginLeft": 24,
              "opacity": 1,
            }
          }
          testID="toogleFavoriteButton"
        >
          <Text
            allowFontScaling={false}
            selectable={false}
            style={
              [
                {
                  "color": "#fbbf24",
                  "fontSize": 24,
                },
                undefined,
                {
                  "fontFamily": "FontAwesome",
                  "fontStyle": "normal",
                  "fontWeight": "normal",
                },
                {},
              ]
            }
          >
            ï€…
          </Text>
        </View>
      </View>
    </View>
  </View>
</RCTScrollView>
`;
